error: This `cfg` attribute is not allowed.

       Allowed in `#[cfg(â€¦)]`:
       - `test`
       - `feature` (without `std`)
       - `any`
       - `not`
       - `all`
  --> tests/ui/contract/fail/cfg-forbidden-usage-01.rs:16:25
   |
16 |         #[cfg(any(test, target_family = "wasm"))]
   |                         ^^^^^^^^^^^^^
