error: This `cfg` attribute is not allowed.

       Allowed in `#[cfg(â€¦)]`:
       - `test`
       - `feature` (without `std`)
       - `any`
       - `not`
       - `all`
  --> tests/ui/contract/fail/cfg-forbidden-usage-06.rs:16:15
   |
16 |         #[cfg(target_os = "wasm")]
   |               ^^^^^^^^^
