error: missing ink! constructor
  --> tests/ui/contract/fail/module-missing-constructor.rs:2:1
   |
2  | / mod contract {
3  | |     #[ink(storage)]
4  | |     pub struct Contract {}
...  |
9  | |     }
10 | | }
   | |_^
