error: missing ink! message
  --> tests/ui/contract/fail/module-missing-message.rs:2:1
   |
2  | / mod contract {
3  | |     #[ink(storage)]
4  | |     pub struct Contract {}
...  |
11 | |     }
12 | | }
   | |_^
