error: This `cfg` attribute is not allowed.

       Allowed in `#[cfg(â€¦)]`:
       - `test`
       - `feature` (without `std`)
       - `any`
       - `not`
       - `all`
  --> tests/ui/contract/fail/cfg/cfg-forbidden-usage-05.rs:18:15
   |
18 |         #[cfg(target_pointer_width = "32")]
   |               ^^^^^^^^^^^^^^^^^^^^
