error[E0277]: the trait bound `NonCodecType: ink::parity_scale_codec::Decode` is not satisfied
  --> tests/ui/contract/fail/message/message-input-non-codec.rs:18:9
   |
18 |         pub fn message(&self, _input: NonCodecType) {}
   |         ^^^^^^^^^^^^^^^^^^^^^^^^^^^^^^^^^^^^^^^^^^^^^^ the trait `WrapperTypeDecode` is not implemented for `NonCodecType`
   |
   = help: the following other types implement trait `WrapperTypeDecode`:
             Arc<T>
             Box<T>
             Rc<T>
             sp_core::Bytes
   = note: required for `NonCodecType` to implement `ink::parity_scale_codec::Decode`

error[E0277]: the trait bound `NonCodecType: WrapperTypeDecode` is not satisfied
  --> tests/ui/contract/fail/message/message-input-non-codec.rs:18:31
   |
18 |         pub fn message(&self, _input: NonCodecType) {}
   |                               ^^^^^^^^^^^^^^^^^^^^ the trait `WrapperTypeDecode` is not implemented for `NonCodecType`
   |
   = help: the following other types implement trait `WrapperTypeDecode`:
             Arc<T>
             Box<T>
             Rc<T>
             sp_core::Bytes
   = note: required for `NonCodecType` to implement `ink::parity_scale_codec::Decode`
note: required by a bound in `DispatchInput`
  --> src/codegen/dispatch/type_check.rs
   |
   | pub struct DispatchInput<T>(T)
   |            ------------- required by a bound in this struct
   | where
   |     T: scale::Decode + 'static;
   |        ^^^^^^^^^^^^^ required by this bound in `DispatchInput`

error[E0277]: the trait bound `NonCodecType: AbiEncodeWith<_>` is not satisfied
  --> tests/ui/contract/fail/message/message-input-non-codec.rs:3:1
   |
3  | #[ink::contract]
   | ^^^^^^^^^^^^^^^^ the trait `AbiEncodeWith<_>` is not implemented for `NonCodecType`
...
18 |         pub fn message(&self, _input: NonCodecType) {}
   |         ---------------------------------------------- required by a bound introduced by this call
   |
note: required by a bound in `ExecutionInput::<ArgumentList<ArgumentListEnd, ArgumentListEnd, Abi>, Abi>::push_arg`
  --> $WORKSPACE/crates/env/src/call/execution.rs
   |
   |     pub fn push_arg<T>(
   |            -------- required by a bound in this associated function
...
   |         T: AbiEncodeWith<Abi>,
   |            ^^^^^^^^^^^^^^^^^^ required by this bound in `ExecutionInput::<ArgumentList<ArgumentListEnd, ArgumentListEnd, Abi>, Abi>::push_arg`

error[E0599]: the method `try_invoke` exists for struct `ink::ink_env::call::CallBuilder<DefaultEnvironment, Set<Call>, Set<ExecutionInput<ArgumentList<Argument<NonCodecType>, ArgumentList<ArgumentListEnd, ArgumentListEnd, ink::abi::Ink>, ink::abi::Ink>, ink::abi::Ink>>, Set<ReturnType<()>>>`, but its trait bounds were not satisfied
  --> tests/ui/contract/fail/message/message-input-non-codec.rs:18:9
   |
18 |         pub fn message(&self, _input: NonCodecType) {}
   |         ^^^^^^^^^^^^^^^^^^^^^^^^^^^^^^^^^^^^^^^^^^^^^^
   |
  ::: $WORKSPACE/crates/env/src/call/execution.rs
   |
   | pub struct ArgumentList<Head, Rest, Abi> {
   | ---------------------------------------- doesn't satisfy `_: AbiEncodeWith<Ink>` or `_: Encode`
   |
   = note: the following trait bounds were not satisfied:
           `ArgumentList<Argument<NonCodecType>, ArgumentList<ArgumentListEnd, ArgumentListEnd, ink::abi::Ink>, ink::abi::Ink>: Encode`
           which is required by `ArgumentList<Argument<NonCodecType>, ArgumentList<ArgumentListEnd, ArgumentListEnd, ink::abi::Ink>, ink::abi::Ink>: AbiEncodeWith<ink::abi::Ink>`
