error: encountered #[ink(namespace)] that is missing its string parameter. Did you mean #[ink(namespace = name: str)] ?
 --> tests/ui/contract/fail/impl-block-namespace-missing-argument.rs:8:11
  |
8 |     #[ink(namespace)]
  |           ^^^^^^^^^
